
> stl-generator-frontend@0.1.0 dev
> vite --host 127.0.0.1 --port 5173


  VITE v5.4.21  ready in 126 ms

  ➜  Local:   http://127.0.0.1:5173/
  ➜  press h + enter to show help
10:51:51 AM [vite] hmr update /src/index.css
10:52:00 AM [vite] page reload index.html
10:52:14 AM [vite] hmr update /src/App.jsx
10:52:14 AM [vite] Internal server error: /Users/christoffer.larsson/github-hardrockhodl/stl_coder/frontend/src/App.jsx: Unterminated JSX contents. (179:10)

  177 |         </section>
  178 |       )}
> 179 |     </div>
      |           ^
  180 |   );
  181 | }
  182 |
  Plugin: vite:react-babel
  File: /Users/christoffer.larsson/github-hardrockhodl/stl_coder/frontend/src/App.jsx:179:10
  177|          </section>
  178|        )}
  179|      </div>
     |            ^
  180|    );
  181|  }
      at constructor (/Users/christoffer.larsson/github-hardrockhodl/stl_coder/frontend/node_modules/@babel/parser/lib/index.js:365:19)
      at JSXParserMixin.raise (/Users/christoffer.larsson/github-hardrockhodl/stl_coder/frontend/node_modules/@babel/parser/lib/index.js:6599:19)
      at JSXParserMixin.jsxReadToken (/Users/christoffer.larsson/github-hardrockhodl/stl_coder/frontend/node_modules/@babel/parser/lib/index.js:4448:20)
      at JSXParserMixin.getTokenFromCode (/Users/christoffer.larsson/github-hardrockhodl/stl_coder/frontend/node_modules/@babel/parser/lib/index.js:4774:12)
      at JSXParserMixin.nextToken (/Users/christoffer.larsson/github-hardrockhodl/stl_coder/frontend/node_modules/@babel/parser/lib/index.js:5782:10)
      at JSXParserMixin.next (/Users/christoffer.larsson/github-hardrockhodl/stl_coder/frontend/node_modules/@babel/parser/lib/index.js:5692:10)
      at JSXParserMixin.eat (/Users/christoffer.larsson/github-hardrockhodl/stl_coder/frontend/node_modules/@babel/parser/lib/index.js:5696:12)
      at JSXParserMixin.expect (/Users/christoffer.larsson/github-hardrockhodl/stl_coder/frontend/node_modules/@babel/parser/lib/index.js:6898:15)
      at JSXParserMixin.jsxParseClosingElementAt (/Users/christoffer.larsson/github-hardrockhodl/stl_coder/frontend/node_modules/@babel/parser/lib/index.js:4680:10)
      at JSXParserMixin.jsxParseElementAt (/Users/christoffer.larsson/github-hardrockhodl/stl_coder/frontend/node_modules/@babel/parser/lib/index.js:4695:37)
      at JSXParserMixin.jsxParseElementAt (/Users/christoffer.larsson/github-hardrockhodl/stl_coder/frontend/node_modules/@babel/parser/lib/index.js:4698:32)
      at JSXParserMixin.jsxParseElement (/Users/christoffer.larsson/github-hardrockhodl/stl_coder/frontend/node_modules/@babel/parser/lib/index.js:4749:17)
      at JSXParserMixin.parseExprAtom (/Users/christoffer.larsson/github-hardrockhodl/stl_coder/frontend/node_modules/@babel/parser/lib/index.js:4759:19)
      at JSXParserMixin.parseExprSubscripts (/Users/christoffer.larsson/github-hardrockhodl/stl_coder/frontend/node_modules/@babel/parser/lib/index.js:11081:23)
      at JSXParserMixin.parseUpdate (/Users/christoffer.larsson/github-hardrockhodl/stl_coder/frontend/node_modules/@babel/parser/lib/index.js:11066:21)
      at JSXParserMixin.parseMaybeUnary (/Users/christoffer.larsson/github-hardrockhodl/stl_coder/frontend/node_modules/@babel/parser/lib/index.js:11046:23)
      at JSXParserMixin.parseMaybeUnaryOrPrivate (/Users/christoffer.larsson/github-hardrockhodl/stl_coder/frontend/node_modules/@babel/parser/lib/index.js:10899:61)
      at JSXParserMixin.parseExprOps (/Users/christoffer.larsson/github-hardrockhodl/stl_coder/frontend/node_modules/@babel/parser/lib/index.js:10904:23)
      at JSXParserMixin.parseMaybeConditional (/Users/christoffer.larsson/github-hardrockhodl/stl_coder/frontend/node_modules/@babel/parser/lib/index.js:10881:23)
      at JSXParserMixin.parseMaybeAssign (/Users/christoffer.larsson/github-hardrockhodl/stl_coder/frontend/node_modules/@babel/parser/lib/index.js:10831:21)
      at /Users/christoffer.larsson/github-hardrockhodl/stl_coder/frontend/node_modules/@babel/parser/lib/index.js:10800:39
      at JSXParserMixin.allowInAnd (/Users/christoffer.larsson/github-hardrockhodl/stl_coder/frontend/node_modules/@babel/parser/lib/index.js:12426:12)
      at JSXParserMixin.parseMaybeAssignAllowIn (/Users/christoffer.larsson/github-hardrockhodl/stl_coder/frontend/node_modules/@babel/parser/lib/index.js:10800:17)
      at JSXParserMixin.parseMaybeAssignAllowInOrVoidPattern (/Users/christoffer.larsson/github-hardrockhodl/stl_coder/frontend/node_modules/@babel/parser/lib/index.js:12493:17)
      at JSXParserMixin.parseParenAndDistinguishExpression (/Users/christoffer.larsson/github-hardrockhodl/stl_coder/frontend/node_modules/@babel/parser/lib/index.js:11675:28)
      at JSXParserMixin.parseExprAtom (/Users/christoffer.larsson/github-hardrockhodl/stl_coder/frontend/node_modules/@babel/parser/lib/index.js:11331:23)
      at JSXParserMixin.parseExprAtom (/Users/christoffer.larsson/github-hardrockhodl/stl_coder/frontend/node_modules/@babel/parser/lib/index.js:4764:20)
      at JSXParserMixin.parseExprSubscripts (/Users/christoffer.larsson/github-hardrockhodl/stl_coder/frontend/node_modules/@babel/parser/lib/index.js:11081:23)
      at JSXParserMixin.parseUpdate (/Users/christoffer.larsson/github-hardrockhodl/stl_coder/frontend/node_modules/@babel/parser/lib/index.js:11066:21)
      at JSXParserMixin.parseMaybeUnary (/Users/christoffer.larsson/github-hardrockhodl/stl_coder/frontend/node_modules/@babel/parser/lib/index.js:11046:23)
      at JSXParserMixin.parseMaybeUnaryOrPrivate (/Users/christoffer.larsson/github-hardrockhodl/stl_coder/frontend/node_modules/@babel/parser/lib/index.js:10899:61)
      at JSXParserMixin.parseExprOps (/Users/christoffer.larsson/github-hardrockhodl/stl_coder/frontend/node_modules/@babel/parser/lib/index.js:10904:23)
      at JSXParserMixin.parseMaybeConditional (/Users/christoffer.larsson/github-hardrockhodl/stl_coder/frontend/node_modules/@babel/parser/lib/index.js:10881:23)
      at JSXParserMixin.parseMaybeAssign (/Users/christoffer.larsson/github-hardrockhodl/stl_coder/frontend/node_modules/@babel/parser/lib/index.js:10831:21)
      at JSXParserMixin.parseExpressionBase (/Users/christoffer.larsson/github-hardrockhodl/stl_coder/frontend/node_modules/@babel/parser/lib/index.js:10784:23)
      at /Users/christoffer.larsson/github-hardrockhodl/stl_coder/frontend/node_modules/@babel/parser/lib/index.js:10780:39
      at JSXParserMixin.allowInAnd (/Users/christoffer.larsson/github-hardrockhodl/stl_coder/frontend/node_modules/@babel/parser/lib/index.js:12421:16)
      at JSXParserMixin.parseExpression (/Users/christoffer.larsson/github-hardrockhodl/stl_coder/frontend/node_modules/@babel/parser/lib/index.js:10780:17)
      at JSXParserMixin.parseReturnStatement (/Users/christoffer.larsson/github-hardrockhodl/stl_coder/frontend/node_modules/@babel/parser/lib/index.js:13142:28)
      at JSXParserMixin.parseStatementContent (/Users/christoffer.larsson/github-hardrockhodl/stl_coder/frontend/node_modules/@babel/parser/lib/index.js:12798:21)
      at JSXParserMixin.parseStatementLike (/Users/christoffer.larsson/github-hardrockhodl/stl_coder/frontend/node_modules/@babel/parser/lib/index.js:12767:17)
      at JSXParserMixin.parseStatementListItem (/Users/christoffer.larsson/github-hardrockhodl/stl_coder/frontend/node_modules/@babel/parser/lib/index.js:12747:17)
      at JSXParserMixin.parseBlockOrModuleBlockBody (/Users/christoffer.larsson/github-hardrockhodl/stl_coder/frontend/node_modules/@babel/parser/lib/index.js:13316:61)
      at JSXParserMixin.parseBlockBody (/Users/christoffer.larsson/github-hardrockhodl/stl_coder/frontend/node_modules/@babel/parser/lib/index.js:13309:10)
      at JSXParserMixin.parseBlock (/Users/christoffer.larsson/github-hardrockhodl/stl_coder/frontend/node_modules/@babel/parser/lib/index.js:13297:10)
      at JSXParserMixin.parseFunctionBody (/Users/christoffer.larsson/github-hardrockhodl/stl_coder/frontend/node_modules/@babel/parser/lib/index.js:12100:24)
      at JSXParserMixin.parseFunctionBodyAndFinish (/Users/christoffer.larsson/github-hardrockhodl/stl_coder/frontend/node_modules/@babel/parser/lib/index.js:12086:10)
      at /Users/christoffer.larsson/github-hardrockhodl/stl_coder/frontend/node_modules/@babel/parser/lib/index.js:13445:12
      at JSXParserMixin.withSmartMixTopicForbiddingContext (/Users/christoffer.larsson/github-hardrockhodl/stl_coder/frontend/node_modules/@babel/parser/lib/index.js:12403:14)
      at JSXParserMixin.parseFunction (/Users/christoffer.larsson/github-hardrockhodl/stl_coder/frontend/node_modules/@babel/parser/lib/index.js:13444:10)
10:52:18 AM [vite] hmr update /src/App.jsx
10:58:19 AM [vite] page reload index.html
10:58:29 AM [vite] hmr update /src/index.css
10:58:35 AM [vite] hmr update /src/App.jsx
10:58:35 AM [vite] Internal server error: /Users/christoffer.larsson/github-hardrockhodl/stl_coder/frontend/src/App.jsx: Unexpected token, expected "," (136:6)

  134 |       </div>
  135 |
> 136 |       {error && (
      |       ^
  137 |         <div className="error">
  138 |           <div className="error-title">Something went sideways</div>
  139 |           {error}
  Plugin: vite:react-babel
  File: /Users/christoffer.larsson/github-hardrockhodl/stl_coder/frontend/src/App.jsx:136:6
  134|        </div>
  135|  
  136|        {error && (
     |        ^
  137|          <div className="error">
  138|            <div className="error-title">Something went sideways</div>
      at constructor (/Users/christoffer.larsson/github-hardrockhodl/stl_coder/frontend/node_modules/@babel/parser/lib/index.js:365:19)
      at JSXParserMixin.raise (/Users/christoffer.larsson/github-hardrockhodl/stl_coder/frontend/node_modules/@babel/parser/lib/index.js:6599:19)
      at JSXParserMixin.unexpected (/Users/christoffer.larsson/github-hardrockhodl/stl_coder/frontend/node_modules/@babel/parser/lib/index.js:6619:16)
      at JSXParserMixin.expect (/Users/christoffer.larsson/github-hardrockhodl/stl_coder/frontend/node_modules/@babel/parser/lib/index.js:6899:12)
      at JSXParserMixin.parseParenAndDistinguishExpression (/Users/christoffer.larsson/github-hardrockhodl/stl_coder/frontend/node_modules/@babel/parser/lib/index.js:11661:14)
      at JSXParserMixin.parseExprAtom (/Users/christoffer.larsson/github-hardrockhodl/stl_coder/frontend/node_modules/@babel/parser/lib/index.js:11331:23)
      at JSXParserMixin.parseExprAtom (/Users/christoffer.larsson/github-hardrockhodl/stl_coder/frontend/node_modules/@babel/parser/lib/index.js:4764:20)
      at JSXParserMixin.parseExprSubscripts (/Users/christoffer.larsson/github-hardrockhodl/stl_coder/frontend/node_modules/@babel/parser/lib/index.js:11081:23)
      at JSXParserMixin.parseUpdate (/Users/christoffer.larsson/github-hardrockhodl/stl_coder/frontend/node_modules/@babel/parser/lib/index.js:11066:21)
      at JSXParserMixin.parseMaybeUnary (/Users/christoffer.larsson/github-hardrockhodl/stl_coder/frontend/node_modules/@babel/parser/lib/index.js:11046:23)
      at JSXParserMixin.parseMaybeUnaryOrPrivate (/Users/christoffer.larsson/github-hardrockhodl/stl_coder/frontend/node_modules/@babel/parser/lib/index.js:10899:61)
      at JSXParserMixin.parseExprOps (/Users/christoffer.larsson/github-hardrockhodl/stl_coder/frontend/node_modules/@babel/parser/lib/index.js:10904:23)
      at JSXParserMixin.parseMaybeConditional (/Users/christoffer.larsson/github-hardrockhodl/stl_coder/frontend/node_modules/@babel/parser/lib/index.js:10881:23)
      at JSXParserMixin.parseMaybeAssign (/Users/christoffer.larsson/github-hardrockhodl/stl_coder/frontend/node_modules/@babel/parser/lib/index.js:10831:21)
      at JSXParserMixin.parseExpressionBase (/Users/christoffer.larsson/github-hardrockhodl/stl_coder/frontend/node_modules/@babel/parser/lib/index.js:10784:23)
      at /Users/christoffer.larsson/github-hardrockhodl/stl_coder/frontend/node_modules/@babel/parser/lib/index.js:10780:39
      at JSXParserMixin.allowInAnd (/Users/christoffer.larsson/github-hardrockhodl/stl_coder/frontend/node_modules/@babel/parser/lib/index.js:12421:16)
      at JSXParserMixin.parseExpression (/Users/christoffer.larsson/github-hardrockhodl/stl_coder/frontend/node_modules/@babel/parser/lib/index.js:10780:17)
      at JSXParserMixin.parseReturnStatement (/Users/christoffer.larsson/github-hardrockhodl/stl_coder/frontend/node_modules/@babel/parser/lib/index.js:13142:28)
      at JSXParserMixin.parseStatementContent (/Users/christoffer.larsson/github-hardrockhodl/stl_coder/frontend/node_modules/@babel/parser/lib/index.js:12798:21)
      at JSXParserMixin.parseStatementLike (/Users/christoffer.larsson/github-hardrockhodl/stl_coder/frontend/node_modules/@babel/parser/lib/index.js:12767:17)
      at JSXParserMixin.parseStatementListItem (/Users/christoffer.larsson/github-hardrockhodl/stl_coder/frontend/node_modules/@babel/parser/lib/index.js:12747:17)
      at JSXParserMixin.parseBlockOrModuleBlockBody (/Users/christoffer.larsson/github-hardrockhodl/stl_coder/frontend/node_modules/@babel/parser/lib/index.js:13316:61)
      at JSXParserMixin.parseBlockBody (/Users/christoffer.larsson/github-hardrockhodl/stl_coder/frontend/node_modules/@babel/parser/lib/index.js:13309:10)
      at JSXParserMixin.parseBlock (/Users/christoffer.larsson/github-hardrockhodl/stl_coder/frontend/node_modules/@babel/parser/lib/index.js:13297:10)
      at JSXParserMixin.parseFunctionBody (/Users/christoffer.larsson/github-hardrockhodl/stl_coder/frontend/node_modules/@babel/parser/lib/index.js:12100:24)
      at JSXParserMixin.parseFunctionBodyAndFinish (/Users/christoffer.larsson/github-hardrockhodl/stl_coder/frontend/node_modules/@babel/parser/lib/index.js:12086:10)
      at /Users/christoffer.larsson/github-hardrockhodl/stl_coder/frontend/node_modules/@babel/parser/lib/index.js:13445:12
      at JSXParserMixin.withSmartMixTopicForbiddingContext (/Users/christoffer.larsson/github-hardrockhodl/stl_coder/frontend/node_modules/@babel/parser/lib/index.js:12403:14)
      at JSXParserMixin.parseFunction (/Users/christoffer.larsson/github-hardrockhodl/stl_coder/frontend/node_modules/@babel/parser/lib/index.js:13444:10)
      at JSXParserMixin.parseExportDefaultExpression (/Users/christoffer.larsson/github-hardrockhodl/stl_coder/frontend/node_modules/@babel/parser/lib/index.js:13907:19)
      at JSXParserMixin.parseExport (/Users/christoffer.larsson/github-hardrockhodl/stl_coder/frontend/node_modules/@babel/parser/lib/index.js:13828:25)
      at JSXParserMixin.parseStatementContent (/Users/christoffer.larsson/github-hardrockhodl/stl_coder/frontend/node_modules/@babel/parser/lib/index.js:12878:27)
      at JSXParserMixin.parseStatementLike (/Users/christoffer.larsson/github-hardrockhodl/stl_coder/frontend/node_modules/@babel/parser/lib/index.js:12767:17)
      at JSXParserMixin.parseModuleItem (/Users/christoffer.larsson/github-hardrockhodl/stl_coder/frontend/node_modules/@babel/parser/lib/index.js:12744:17)
      at JSXParserMixin.parseBlockOrModuleBlockBody (/Users/christoffer.larsson/github-hardrockhodl/stl_coder/frontend/node_modules/@babel/parser/lib/index.js:13316:36)
      at JSXParserMixin.parseBlockBody (/Users/christoffer.larsson/github-hardrockhodl/stl_coder/frontend/node_modules/@babel/parser/lib/index.js:13309:10)
      at JSXParserMixin.parseProgram (/Users/christoffer.larsson/github-hardrockhodl/stl_coder/frontend/node_modules/@babel/parser/lib/index.js:12622:10)
      at JSXParserMixin.parseTopLevel (/Users/christoffer.larsson/github-hardrockhodl/stl_coder/frontend/node_modules/@babel/parser/lib/index.js:12612:25)
      at JSXParserMixin.parse (/Users/christoffer.larsson/github-hardrockhodl/stl_coder/frontend/node_modules/@babel/parser/lib/index.js:14488:25)
      at parse (/Users/christoffer.larsson/github-hardrockhodl/stl_coder/frontend/node_modules/@babel/parser/lib/index.js:14522:38)
      at parser (/Users/christoffer.larsson/github-hardrockhodl/stl_coder/frontend/node_modules/@babel/core/lib/parser/index.js:41:34)
      at parser.next (<anonymous>)
      at normalizeFile (/Users/christoffer.larsson/github-hardrockhodl/stl_coder/frontend/node_modules/@babel/core/lib/transformation/normalize-file.js:64:37)
      at normalizeFile.next (<anonymous>)
      at run (/Users/christoffer.larsson/github-hardrockhodl/stl_coder/frontend/node_modules/@babel/core/lib/transformation/index.js:22:50)
      at run.next (<anonymous>)
      at transform (/Users/christoffer.larsson/github-hardrockhodl/stl_coder/frontend/node_modules/@babel/core/lib/transform.js:22:33)
      at transform.next (<anonymous>)
      at step (/Users/christoffer.larsson/github-hardrockhodl/stl_coder/frontend/node_modules/gensync/index.js:261:32)
10:58:42 AM [vite] hmr update /src/App.jsx
11:02:37 AM [vite] hmr update /src/index.css
11:02:44 AM [vite] hmr update /src/index.css
11:02:50 AM [vite] hmr update /src/index.css
11:02:54 AM [vite] hmr update /src/index.css
11:03:04 AM [vite] hmr update /src/index.css
11:03:22 AM [vite] hmr update /src/index.css
11:03:27 AM [vite] hmr update /src/index.css
11:03:31 AM [vite] hmr update /src/index.css
11:03:44 AM [vite] hmr update /src/index.css
11:04:04 AM [vite] hmr update /src/App.jsx
11:04:07 AM [vite] hmr update /src/App.jsx
11:05:00 AM [vite] hmr update /src/StlViewer.jsx
11:05:05 AM [vite] hmr update /src/StlViewer.jsx
11:05:15 AM [vite] hmr update /src/StlViewer.jsx
11:15:13 AM [vite] hmr update /src/App.jsx
11:15:19 AM [vite] hmr update /src/App.jsx
11:15:25 AM [vite] hmr update /src/App.jsx
11:15:37 AM [vite] hmr update /src/App.jsx
11:46:51 AM [vite] page reload index.html
11:59:10 AM [vite] hmr update /src/App.jsx
11:59:16 AM [vite] hmr update /src/App.jsx
11:59:22 AM [vite] hmr update /src/App.jsx
11:59:29 AM [vite] hmr update /src/App.jsx
11:59:46 AM [vite] hmr update /src/index.css
